// Jest Snapshot v1, https://goo.gl/fbAQLP

exports[`Row should match snapshot 1`] = `
<div>
  <tr
    class="TableRow__TableRowStyled-sc-990v33-0 iJGVRV"
    data-testid="TableRow"
  >
    <td
      class="border-gray-lightest border"
    >
      <div
        class="TableCell__TableCellInnerWrapper-l6uokn-0 BHpwz"
      >
        1
      </div>
    </td>
    <td
      class="border-gray-lightest border"
    >
      <div
        class="TableCell__TableCellInnerWrapper-l6uokn-0 BHpwz"
      >
        delectus aut autem
      </div>
    </td>
    <td
      class="border-gray-lightest border"
    >
      <div
        class="TableCell__TableCellInnerWrapper-l6uokn-0 BHpwz"
      >
        false
      </div>
    </td>
  </tr>
</div>
`;
