// Jest Snapshot v1, https://goo.gl/fbAQLP

exports[`TableRow should render with border 1`] = `
<div>
  <table>
    <tbody>
      <tr>
        <td
          class="border-gray-lightest border"
        >
          <div
            class="TableCell__TableCellInnerWrapper-l6uokn-0 eCVNme"
          >
            1
          </div>
        </td>
      </tr>
    </tbody>
  </table>
</div>
`;
